// Jest Snapshot v1, https://goo.gl/fbAQLP

exports[`AutocompleteComp should match snapshot. 1`] = `
<label
  aria-expanded={false}
  aria-haspopup="listbox"
  aria-labelledby="use-downshift-0-label"
  aria-owns={null}
  className="block mt-4"
  role="combobox"
>
  <span
    className="text-gray-700"
    htmlFor="use-downshift-0-input"
    id="use-downshift-0-label"
  >
    testlabel
  </span>
  <br />
  <input
    aria-activedescendant={null}
    aria-autocomplete="list"
    aria-controls={null}
    aria-labelledby="use-downshift-0-label"
    autoComplete="off"
    className="form-input mt-1 block w-half inline-block"
    id="use-downshift-0-input"
    onBlur={[Function]}
    onChange={[Function]}
    onKeyDown={[Function]}
    placeholder="search..."
    value=""
  />
  
</label>
`;
