// Jest Snapshot v1, https://goo.gl/fbAQLP

exports[`Slider should match snapshot. 1`] = `
<label
  className="block mt-4"
  htmlFor="slider"
>
  <span
    className="text-gray-700"
  >
    testslider
  </span>
  <div
    id="slider"
  >
    <span>
      0%
    </span>
    <input
      max={100}
      min={0}
      onChange={[Function]}
      step="1"
      type="range"
    />
    <span>
      100%
    </span>
  </div>
</label>
`;
